============================================================
  Generated by:           Genus(TM) Synthesis Solution 21.14-s082_1
  Generated on:           May 21 2026  09:53:47 pm
  Module:                 testdesign
  Technology libraries:   slow_1v0 
                          pll 0.0
                          CDK_S128x16 0.0
                          CDK_S256x16 0.0
                          CDK_R512x16 0.0
  Operating conditions:   slow (balanced_tree)
  Wireload mode:          enclosed
  Area mode:              timing library
============================================================

 Slack         Endpoint        Cost Group 
-----------------------------------------------
-4221ps xout_15_4_pre_reg[9]/d clk        
-4221ps xout_14_reg[9]/d       clk        
-4221ps xout_9_reg[9]/d        clk        
-4221ps xout_8_reg[9]/d        clk        
-4221ps xout_7_reg[9]/d        clk        
-4221ps xout_13_reg[9]/d       clk        
-4221ps xout_6_reg[9]/d        clk        
-4221ps xout_5_reg[9]/d        clk        
-4221ps xout_4_reg[9]/d        clk        
-4221ps xout_3_reg[9]/d        clk        

