============================================================
  Generated by:           Genus(TM) Synthesis Solution 21.14-s082_1
  Generated on:           May 21 2026  10:00:13 pm
  Module:                 testdesign
  Technology libraries:   slow_1v0 
                          pll 0.0
                          CDK_S128x16 0.0
                          CDK_S256x16 0.0
                          CDK_R512x16 0.0
  Operating conditions:   slow (balanced_tree)
  Wireload mode:          enclosed
  Area mode:              timing library
============================================================

Timing
--------

Clock Period 
-------------
clk   5000.0 


  Cost    Critical               Violating 
 Group   Path Slack     TNS        Paths   
-------------------------------------------
clk         -2688.3   -890062.8        421 
default    No paths         0.0            
-------------------------------------------
Total                 -890062.8        421 

Instance Count
--------------
Leaf Instance Count             23402 
Physical Instance count             0 
Sequential Instance Count         523 
Combinational Instance Count    22879 
Hierarchical Instance Count       239 

Area
----
Cell Area                          72981.610
Physical Cell Area                 0.000
Total Cell Area (Cell+Physical)    72981.610
Net Area                           0.000
Total Area (Cell+Physical+Net)     72981.610

Runtime                            48.107966 seconds
Elapsed Runtime                    399 seconds
Genus peak memory usage            2008.77 
Innovus peak memory usage          no_value 
Hostname                           cad312vitcc.vit.ac.in
