============================================================
  Generated by:           Genus(TM) Synthesis Solution 21.14-s082_1
  Generated on:           May 21 2026  10:00:13 pm
  Module:                 testdesign
  Technology libraries:   slow_1v0 
                          pll 0.0
                          CDK_S128x16 0.0
                          CDK_S256x16 0.0
                          CDK_R512x16 0.0
  Operating conditions:   slow (balanced_tree)
  Wireload mode:          enclosed
  Area mode:              timing library
============================================================

            Instance                           Module                Cell Count  Cell Area  Net Area   Total Area   Wireload  
------------------------------------------------------------------------------------------------------------------------------
testdesign                                                                23402  72981.610     0.000    72981.610 <none> (D)  
  csa_tree_add_94_52_pad_groupi  csa_tree_add_94_52_pad_group_4793          428   1261.809     0.000     1261.809 <none> (D)  
  csa_tree_add_111_59_groupi     csa_tree_add_111_59_group_4794             764   2281.662     0.000     2281.662 <none> (D)  
  csa_tree_add_128_59_groupi     csa_tree_add_128_59_group_4796            1064   3187.478     0.000     3187.478 <none> (D)  
  csa_tree_add_130_59_pad_groupi csa_tree_add_130_59_pad_group_4797         454   1402.424     0.000     1402.424 <none> (D)  
  csa_tree_add_131_59_groupi     csa_tree_add_131_59_group_4798             766   2352.466     0.000     2352.466 <none> (D)  
  csa_tree_add_132_59_groupi     csa_tree_add_132_59_group_4800            1101   3510.147     0.000     3510.147 <none> (D)  
  csa_tree_add_133_59_groupi     csa_tree_add_133_59_group_4801            1431   4466.630     0.000     4466.630 <none> (D)  
  csa_tree_add_134_59_groupi     csa_tree_add_134_59_group_4802            1435   4450.330     0.000     4450.330 <none> (D)  
  csa_tree_add_135_59_groupi     csa_tree_add_135_59_group_4803            1440   4488.484     0.000     4488.484 <none> (D)  
  csa_tree_add_136_59_groupi     csa_tree_add_136_59_group_4804            1447   4487.150     0.000     4487.150 <none> (D)  
  csa_tree_add_137_59_groupi     csa_tree_add_137_59_group_4805            1442   4485.306     0.000     4485.306 <none> (D)  
  csa_tree_add_138_59_groupi     csa_tree_add_138_59_group_4806            1440   4460.599     0.000     4460.599 <none> (D)  
  csa_tree_add_139_59_groupi     csa_tree_add_139_59_group_4807            1442   4484.756     0.000     4484.756 <none> (D)  
  csa_tree_add_140_59_groupi     csa_tree_add_140_59_group_4808            1443   4475.964     0.000     4475.964 <none> (D)  
  csa_tree_add_141_59_groupi     csa_tree_add_141_59_group_4809            1435   4479.926     0.000     4479.926 <none> (D)  
  csa_tree_add_142_59_groupi     csa_tree_add_142_59_group_4810            1454   4494.924     0.000     4494.924 <none> (D)  
  csa_tree_add_143_59_groupi     csa_tree_add_143_59_group_4811            1440   4466.112     0.000     4466.112 <none> (D)  
  csa_tree_add_144_59_groupi     csa_tree_add_144_59_group_4812            1444   4440.162     0.000     4440.162 <none> (D)  
  csa_tree_add_145_59_groupi     csa_tree_add_145_59_group_4813            1435   4423.078     0.000     4423.078 <none> (D)  
  (D) = wireload is default in technology library
