============================================================
  Generated by:           Genus(TM) Synthesis Solution 21.14-s082_1
  Generated on:           May 21 2026  10:00:14 pm
  Module:                 testdesign
  Technology libraries:   slow_1v0 
                          pll 0.0
                          CDK_S128x16 0.0
                          CDK_S256x16 0.0
                          CDK_R512x16 0.0
  Operating conditions:   slow (balanced_tree)
  Wireload mode:          enclosed
  Area mode:              timing library
============================================================

                                Leakage  
  Gate   Instances    Area    Power (nW)   Library   
-----------------------------------------------------
ADDFHX1        417   3137.508    108.912    slow_1v0 
ADDFHX2          4     32.832      1.311    slow_1v0 
ADDFHXL         14    105.336      3.478    slow_1v0 
ADDFX1        2049  10511.370    401.688    slow_1v0 
ADDFXL           1      6.840      0.168    slow_1v0 
-----------------------------------------------------
total         2485  13793.886    515.557             


                                            Leakage  Leakage 
     Type      Instances    Area   Area % Power (nW) Power % 
-------------------------------------------------------------
sequential           523     0.000    0.0    209.059    14.1 
inverter             102     0.000    0.0      1.952     0.1 
logic              22777 13793.886  100.0   1272.627    85.8 
physical_cells         0     0.000    0.0      0.000     0.0 
-------------------------------------------------------------
total              23402 13793.886  100.0   1483.638   100.0 

