============================================================
  Generated by:           Genus(TM) Synthesis Solution 21.14-s082_1
  Generated on:           May 21 2026  10:14:05 pm
  Module:                 testdesign
  Technology libraries:   slow_1v0 
                          pll 0.0
                          CDK_S128x16 0.0
                          CDK_S256x16 0.0
                          CDK_R512x16 0.0
  Operating conditions:   slow (balanced_tree)
  Wireload mode:          enclosed
  Area mode:              timing library
============================================================

Timing
--------

Clock Period 
-------------
clk   5000.0 


  Cost    Critical               Violating 
 Group   Path Slack     TNS        Paths   
-------------------------------------------
clk          -882.8   -295266.3        408 
default    No paths         0.0            
-------------------------------------------
Total                 -295266.3        408 

Instance Count
--------------
Leaf Instance Count             22799 
Physical Instance count             0 
Sequential Instance Count         523 
Combinational Instance Count    22276 
Hierarchical Instance Count       220 

Area
----
Cell Area                          44881.447
Physical Cell Area                 0.000
Total Cell Area (Cell+Physical)    44881.447
Net Area                           0.000
Total Area (Cell+Physical+Net)     44881.447

Runtime                            57.200458 seconds
Elapsed Runtime                    1231 seconds
Genus peak memory usage            2004.61 
Innovus peak memory usage          no_value 
Hostname                           cad312vitcc.vit.ac.in
