============================================================
  Generated by:           Genus(TM) Synthesis Solution 21.14-s082_1
  Generated on:           May 21 2026  10:14:06 pm
  Module:                 testdesign
  Technology libraries:   slow_1v0 
                          pll 0.0
                          CDK_S128x16 0.0
                          CDK_S256x16 0.0
                          CDK_R512x16 0.0
  Operating conditions:   slow (balanced_tree)
  Wireload mode:          enclosed
  Area mode:              timing library
============================================================

                                  Leakage  
   Gate    Instances    Area    Power (nW)   Library   
-------------------------------------------------------
ADDFHX1          231   1738.044     60.333    slow_1v0 
ADDFHX2            1      8.208      0.328    slow_1v0 
ADDFHXL           54    406.296     13.414    slow_1v0 
ADDFX1          1337   6858.810    262.107    slow_1v0 
ADDHX1            88    331.056     15.947    slow_1v0 
ADDHX2             1      5.130      0.232    slow_1v0 
AND2X1           100    136.800      5.598    slow_1v0 
AND2X4             1      2.736      0.178    slow_1v0 
AND2XL            31     42.408      1.436    slow_1v0 
AO21X1            65    155.610      4.859    slow_1v0 
AO21X4             1      3.420      0.214    slow_1v0 
AO21XL             3      7.182      0.182    slow_1v0 
AO22X1            38    103.968      2.983    slow_1v0 
AO22X2             1      3.078      0.112    slow_1v0 
AO22XL             1      2.736      0.065    slow_1v0 
AOI211X1           5     11.970      0.567    slow_1v0 
AOI211X2           4     13.680      0.902    slow_1v0 
AOI211XL           1      2.052      0.057    slow_1v0 
AOI21X1          288    492.480     23.392    slow_1v0 
AOI21X2          203    555.408     33.056    slow_1v0 
AOI21X4           34    174.420     11.094    slow_1v0 
AOI21XL           29     49.590      1.195    slow_1v0 
AOI221X1          48    114.912      5.705    slow_1v0 
AOI221X2           1      4.446      0.232    slow_1v0 
AOI22X1          474    972.648     45.747    slow_1v0 
AOI22X2            9     33.858      1.737    slow_1v0 
AOI22X4            2     12.312      0.772    slow_1v0 
AOI22XL           59    121.068      3.168    slow_1v0 
AOI2BB1X1        117    240.084     10.075    slow_1v0 
AOI2BB1X2          9     27.702      1.211    slow_1v0 
AOI2BB1X4          1      4.104      0.268    slow_1v0 
AOI2BB2X1          2      6.840      0.270    slow_1v0 
AOI2BB2X2          1      5.130      0.232    slow_1v0 
AOI31X1           38     77.976      3.431    slow_1v0 
AOI31X2            9     30.780      1.626    slow_1v0 
AOI31X4            1      6.498      0.362    slow_1v0 
AOI31XL            3      8.208      0.159    slow_1v0 
AOI32X1           18     43.092      2.011    slow_1v0 
AOI32X2            1      4.446      0.224    slow_1v0 
AOI33X1            2      5.472      0.288    slow_1v0 
AOI33X2            1      5.130      0.288    slow_1v0 
AOI33XL            2      4.788      0.160    slow_1v0 
BUFX12             1      5.130      0.504    slow_1v0 
BUFX16             1      6.840      0.672    slow_1v0 
BUFX2             48     82.080      4.092    slow_1v0 
BUFX3             17     34.884      2.321    slow_1v0 
BUFX4              1      2.394      0.170    slow_1v0 
BUFX6             12     36.936      3.245    slow_1v0 
CLKAND2X2         37     75.924      3.960    slow_1v0 
CLKAND2X3         11     33.858      1.895    slow_1v0 
CLKAND2X4          1      3.420      0.206    slow_1v0 
CLKAND2X6          2      9.576      0.684    slow_1v0 
CLKBUFX2           1      1.710      0.085    slow_1v0 
CLKBUFX6           1      3.078      0.270    slow_1v0 
CLKINVX1         130    133.380      4.317    slow_1v0 
CLKINVX12          3     12.312      1.182    slow_1v0 
CLKINVX2          36     49.248      2.392    slow_1v0 
CLKINVX3           7     11.970      0.698    slow_1v0 
CLKINVX4         166    283.860     22.054    slow_1v0 
CLKINVX6          16     38.304      3.149    slow_1v0 
CLKINVX8          27     83.106      7.078    slow_1v0 
CLKMX2X3           1      4.104      0.201    slow_1v0 
CLKXOR2X1        128    350.208     16.106    slow_1v0 
DFFHQX1           60    328.320     15.818    slow_1v0 
DFFRHQX1         180   1108.080     52.593    slow_1v0 
DFFRHQX2           5     39.330      1.632    slow_1v0 
DFFRHQX4           5     47.880      2.246    slow_1v0 
DFFRHQX8           2     22.572      1.348    slow_1v0 
DFFRX1             4     27.360      1.094    slow_1v0 
DFFRX2             1      7.524      0.356    slow_1v0 
DFFSHQX1         245   1592.010     71.348    slow_1v0 
DFFSHQX2           5     41.040      1.641    slow_1v0 
DFFSHQX4           9     86.184      3.839    slow_1v0 
DFFSX1             6     45.144      1.643    slow_1v0 
DFFSX4             1     10.944      0.535    slow_1v0 
INVX1           2583   1766.772     85.781    slow_1v0 
INVX2            570    584.820     37.875    slow_1v0 
INVX3             95    129.960      9.468    slow_1v0 
INVX4              4      6.840      0.531    slow_1v0 
INVX6             12     28.728      2.362    slow_1v0 
INVX8              1      3.078      0.262    slow_1v0 
INVXL            430    294.120      8.228    slow_1v0 
MX2X1             43    102.942      4.089    slow_1v0 
MX2XL              1      2.394      0.081    slow_1v0 
MXI2X1           345    943.920     34.571    slow_1v0 
MXI2XL           183    438.102     12.052    slow_1v0 
NAND2BX1         575    786.600     48.767    slow_1v0 
NAND2BX2          30     71.820      4.526    slow_1v0 
NAND2BX4           3     11.286      0.902    slow_1v0 
NAND2BXL          75    102.600      4.269    slow_1v0 
NAND2X1         1735   1780.110    114.534    slow_1v0 
NAND2X2          522    892.620     68.949    slow_1v0 
NAND2X4           82    258.005     21.642    slow_1v0 
NAND2X6           11     50.223      4.356    slow_1v0 
NAND2X8            3     15.749      1.558    slow_1v0 
NAND2XL          493    505.818     18.811    slow_1v0 
NAND3BX1          17     34.884      1.991    slow_1v0 
NAND3BX2           2      6.156      0.431    slow_1v0 
NAND3BX4           1      5.130      0.429    slow_1v0 
NAND3BXL          35     59.850      2.649    slow_1v0 
NAND3X1           56     95.760      5.505    slow_1v0 
NAND3X2           21     57.456      4.127    slow_1v0 
NAND3X6            1      7.182      0.586    slow_1v0 
NAND3XL            4      6.840      0.228    slow_1v0 
NOR2BX1          540    738.720     36.636    slow_1v0 
NOR2BX2           16     43.776      1.863    slow_1v0 
NOR2BXL            5      8.550      0.231    slow_1v0 
NOR2X1          2364   2425.464    114.876    slow_1v0 
NOR2X2           424    725.040     41.207    slow_1v0 
NOR2X4           139    427.842     27.013    slow_1v0 
NOR2X6            24     98.496      7.007    slow_1v0 
NOR2X8             2     10.944      0.773    slow_1v0 
NOR2XL           366    375.516      9.881    slow_1v0 
NOR3BX1           66    135.432      5.483    slow_1v0 
NOR3BX2            1      3.420      0.147    slow_1v0 
NOR3BXL            2      4.104      0.108    slow_1v0 
NOR3X1           141    241.110      9.002    slow_1v0 
NOR3X2            13     35.568      1.660    slow_1v0 
NOR3X4             1      5.130      0.255    slow_1v0 
NOR3XL            18     30.780      0.626    slow_1v0 
NOR4BX1            1      2.394      0.098    slow_1v0 
NOR4X1             4      6.840      0.316    slow_1v0 
OA21X1            16     32.832      1.129    slow_1v0 
OA21X2             1      3.078      0.104    slow_1v0 
OA22X1            43    102.942      3.550    slow_1v0 
OAI211X1          55     94.050      6.244    slow_1v0 
OAI211XL           1      2.052      0.065    slow_1v0 
OAI21X1         1060   1812.600     86.157    slow_1v0 
OAI21X2          213    655.614     34.621    slow_1v0 
OAI21X4           45    215.460     14.617    slow_1v0 
OAI21XL          117    200.070      5.373    slow_1v0 
OAI221X1          19     45.486      2.447    slow_1v0 
OAI221XL           1      3.078      0.072    slow_1v0 
OAI22X1         2612   5359.824    252.113    slow_1v0 
OAI22X2           86    294.120     16.600    slow_1v0 
OAI22X4            3     19.494      1.159    slow_1v0 
OAI22XL          116    238.032      6.227    slow_1v0 
OAI2BB1X1        504    861.840     44.669    slow_1v0 
OAI2BB1X2         17     52.326      2.629    slow_1v0 
OAI2BB1X4          3     13.338      0.924    slow_1v0 
OAI2BB1XL          1      2.052      0.061    slow_1v0 
OAI2BB2X1          1      4.104      0.135    slow_1v0 
OAI31X1           50    102.600      5.077    slow_1v0 
OAI31X2            7     26.334      1.429    slow_1v0 
OAI32X1           52    124.488      6.194    slow_1v0 
OAI32X2            7     31.122      1.679    slow_1v0 
OAI33X1            1      2.736      0.142    slow_1v0 
OR2X1            375    513.000     26.590    slow_1v0 
OR2X2              4      6.840      0.416    slow_1v0 
OR2X4              3      8.208      0.620    slow_1v0 
OR2X6              2      7.524      0.688    slow_1v0 
OR2XL             24     32.832      1.363    slow_1v0 
OR3X1              4      8.208      0.359    slow_1v0 
OR3XL              7     14.364      0.529    slow_1v0 
XNOR2X1          730   1747.620     91.589    slow_1v0 
XNOR2X2           10     30.780      1.587    slow_1v0 
XNOR2X4            3     11.286      0.812    slow_1v0 
XNOR2XL            9     24.624      1.003    slow_1v0 
XNOR3X1            2     15.048      0.604    slow_1v0 
XNOR3XL            1      7.524      0.279    slow_1v0 
XOR2X4             1      4.104      0.271    slow_1v0 
XOR2XL             7     19.152      0.782    slow_1v0 
XOR3X1            37    278.388     11.164    slow_1v0 
XOR3XL             4     30.096      1.105    slow_1v0 
-------------------------------------------------------
total          22799  44881.447   2135.510             


                                            Leakage  Leakage 
     Type      Instances    Area   Area % Power (nW) Power % 
-------------------------------------------------------------
sequential           523  3356.388    7.5    154.092     7.2 
inverter            4080  3426.498    7.6    185.379     8.7 
buffer                82   173.052    0.4     11.360     0.5 
logic              18114 37925.509   84.5   1784.680    83.6 
physical_cells         0     0.000    0.0      0.000     0.0 
-------------------------------------------------------------
total              22799 44881.447  100.0   2135.510   100.0 

