============================================================
  Generated by:           Genus(TM) Synthesis Solution 21.14-s082_1
  Generated on:           May 21 2026  10:01:07 pm
  Module:                 testdesign
  Technology libraries:   slow_1v0 
                          pll 0.0
                          CDK_S128x16 0.0
                          CDK_S256x16 0.0
                          CDK_R512x16 0.0
  Operating conditions:   slow (balanced_tree)
  Wireload mode:          enclosed
  Area mode:              timing library
============================================================

                                  Leakage  
   Gate    Instances    Area    Power (nW)   Library   
-------------------------------------------------------
ADDFHX1          212   1595.088     55.370    slow_1v0 
ADDFHX2            2     16.416      0.656    slow_1v0 
ADDFHXL           43    323.532     10.682    slow_1v0 
ADDFX1          2297  11783.610    450.306    slow_1v0 
ADDFXL             8     54.720      1.343    slow_1v0 
ADDHX1            91    342.342     16.491    slow_1v0 
AND2X1            26     35.568      1.456    slow_1v0 
AND2X4             1      2.736      0.178    slow_1v0 
AND2XL             9     12.312      0.417    slow_1v0 
AO21X1            58    138.852      4.335    slow_1v0 
AO21X4             1      3.420      0.214    slow_1v0 
AO22X1             1      2.736      0.079    slow_1v0 
AO22X4             1      3.762      0.222    slow_1v0 
AOI21X1          106    181.260      8.610    slow_1v0 
AOI21X2           40    109.440      6.513    slow_1v0 
AOI21X4            3     15.390      0.979    slow_1v0 
AOI21XL            8     13.680      0.330    slow_1v0 
AOI221X1          48    114.912      5.705    slow_1v0 
AOI222X1           1      3.078      0.127    slow_1v0 
AOI22X1          526   1079.352     50.766    slow_1v0 
AOI22X2            5     18.810      0.965    slow_1v0 
AOI22XL           55    112.860      2.953    slow_1v0 
AOI2BB1X1          7     14.364      0.603    slow_1v0 
AOI2BB1X2          3      9.234      0.404    slow_1v0 
AOI2BB1X4          1      4.104      0.268    slow_1v0 
AOI31X1            1      2.052      0.090    slow_1v0 
AOI32X2            1      4.446      0.224    slow_1v0 
BUFX2             84    143.640      7.162    slow_1v0 
BUFX3             28     57.456      3.822    slow_1v0 
BUFX6              5     15.390      1.352    slow_1v0 
BUFX8              1      3.762      0.336    slow_1v0 
CLKAND2X2          4      8.208      0.428    slow_1v0 
CLKAND2X3          5     15.390      0.861    slow_1v0 
CLKAND2X6          1      4.788      0.342    slow_1v0 
CLKINVX1        1549   1589.274     51.442    slow_1v0 
CLKINVX16          1      5.472      0.534    slow_1v0 
CLKINVX2         354    484.272     23.523    slow_1v0 
CLKINVX3           3      5.130      0.299    slow_1v0 
CLKINVX4          29     49.590      3.853    slow_1v0 
CLKINVX8           1      3.078      0.262    slow_1v0 
CLKMX2X3           1      4.104      0.201    slow_1v0 
CLKXOR2X1         14     38.304      1.762    slow_1v0 
DFFHQX1           60    328.320     15.818    slow_1v0 
DFFRHQX1         184   1132.704     53.762    slow_1v0 
DFFRHQX2           5     39.330      1.632    slow_1v0 
DFFRHQX4           2     19.152      0.898    slow_1v0 
DFFRX1             5     34.200      1.367    slow_1v0 
DFFRX4             1      9.576      0.561    slow_1v0 
DFFSHQX1         249   1618.002     72.513    slow_1v0 
DFFSHQX2           9     73.872      2.953    slow_1v0 
DFFSHQX4           2     19.152      0.853    slow_1v0 
DFFSX1             6     45.144      1.643    slow_1v0 
INVX1           2326   1590.984     77.246    slow_1v0 
INVX2            299    306.774     19.868    slow_1v0 
INVX3             18     24.624      1.794    slow_1v0 
INVX4              1      1.710      0.133    slow_1v0 
INVXL             26     17.784      0.498    slow_1v0 
MX2X1             11     26.334      1.046    slow_1v0 
MXI2X1            47    128.592      4.710    slow_1v0 
MXI2XL           246    588.924     16.201    slow_1v0 
NAND2BX1         245    335.160     20.779    slow_1v0 
NAND2BX2           7     16.758      1.056    slow_1v0 
NAND2BX4           5     18.810      1.503    slow_1v0 
NAND2BXL           4      5.472      0.228    slow_1v0 
NAND2X1         1031   1057.806     68.060    slow_1v0 
NAND2X2           52     88.920      6.869    slow_1v0 
NAND2X4           17     53.489      4.487    slow_1v0 
NAND2X6            2      9.131      0.792    slow_1v0 
NAND2XL          127    130.302      4.846    slow_1v0 
NAND3BX2           1      3.078      0.215    slow_1v0 
NAND3BXL           5      8.550      0.378    slow_1v0 
NAND3X1            2      3.420      0.197    slow_1v0 
NAND3X4            1      4.788      0.392    slow_1v0 
NOR2BX1           74    101.232      5.020    slow_1v0 
NOR2BX2            4     10.944      0.466    slow_1v0 
NOR2BXL            1      1.710      0.046    slow_1v0 
NOR2X1           714    732.564     34.696    slow_1v0 
NOR2X2            57     97.470      5.540    slow_1v0 
NOR2X4            15     46.170      2.915    slow_1v0 
NOR2X6             5     20.520      1.460    slow_1v0 
NOR2X8             1      5.472      0.386    slow_1v0 
NOR2XL            24     24.624      0.648    slow_1v0 
NOR3X1             5      8.550      0.319    slow_1v0 
OA21X1             3      6.156      0.212    slow_1v0 
OA22X1             8     19.152      0.660    slow_1v0 
OAI211X1          15     25.650      1.703    slow_1v0 
OAI21X1          113    193.230      9.185    slow_1v0 
OAI21X2           25     76.950      4.063    slow_1v0 
OAI21X4            6     28.728      1.949    slow_1v0 
OAI21XL            1      1.710      0.046    slow_1v0 
OAI221X1           1      2.394      0.129    slow_1v0 
OAI222X1           1      2.736      0.144    slow_1v0 
OAI22X1         3600   7387.200    347.476    slow_1v0 
OAI22X2           51    174.420      9.844    slow_1v0 
OAI22XL           38     77.976      2.040    slow_1v0 
OAI2BB1X1        147    251.370     13.028    slow_1v0 
OAI2BB1X2          1      3.078      0.155    slow_1v0 
OAI31X1            7     14.364      0.711    slow_1v0 
OAI32X1            2      4.788      0.238    slow_1v0 
OR2X1            133    181.944      9.431    slow_1v0 
OR2X6              5     18.810      1.721    slow_1v0 
OR2XL             20     27.360      1.136    slow_1v0 
XNOR2X1          451   1079.694     56.585    slow_1v0 
XOR2XL             3      8.208      0.335    slow_1v0 
XOR3X1             5     37.620      1.509    slow_1v0 
-------------------------------------------------------
total          16167  36839.590   1613.556             


                                            Leakage  Leakage 
     Type      Instances    Area   Area % Power (nW) Power % 
-------------------------------------------------------------
sequential           523  3319.452    9.0    152.000     9.4 
inverter            4607  4078.692   11.1    179.452    11.1 
buffer               118   220.248    0.6     12.672     0.8 
logic              10919 29221.198   79.3   1269.431    78.7 
physical_cells         0     0.000    0.0      0.000     0.0 
-------------------------------------------------------------
total              16167 36839.590  100.0   1613.556   100.0 

