============================================================
  Generated by:           Genus(TM) Synthesis Solution 21.14-s082_1
  Generated on:           May 21 2026  10:01:06 pm
  Module:                 testdesign
  Technology libraries:   slow_1v0 
                          pll 0.0
                          CDK_S128x16 0.0
                          CDK_S256x16 0.0
                          CDK_R512x16 0.0
  Operating conditions:   slow (balanced_tree)
  Wireload mode:          enclosed
  Area mode:              timing library
============================================================

Timing
--------

Clock Period 
-------------
clk   5000.0 


  Cost    Critical               Violating 
 Group   Path Slack     TNS        Paths   
-------------------------------------------
clk         -2181.5   -831985.2        427 
default    No paths         0.0            
-------------------------------------------
Total                 -831985.2        427 

Instance Count
--------------
Leaf Instance Count             16167 
Physical Instance count             0 
Sequential Instance Count         523 
Combinational Instance Count    15644 
Hierarchical Instance Count       220 

Area
----
Cell Area                          36839.590
Physical Cell Area                 0.000
Total Cell Area (Cell+Physical)    36839.590
Net Area                           0.000
Total Area (Cell+Physical+Net)     36839.590

Runtime                            57.200458 seconds
Elapsed Runtime                    452 seconds
Genus peak memory usage            2008.80 
Innovus peak memory usage          no_value 
Hostname                           cad312vitcc.vit.ac.in
