============================================================
  Generated by:           Genus(TM) Synthesis Solution 21.14-s082_1
  Generated on:           May 21 2026  10:01:08 pm
  Module:                 testdesign
  Technology libraries:   slow_1v0 
                          pll 0.0
                          CDK_S128x16 0.0
                          CDK_S256x16 0.0
                          CDK_R512x16 0.0
  Operating conditions:   slow (balanced_tree)
  Wireload mode:          enclosed
  Area mode:              timing library
============================================================

 Slack                       Endpoint                     Cost Group 
--------------------------------------------------------------------------
-2182ps csa_tree_add_145_59_groupi_retime_s24_6_reg/D     clk        
-2181ps csa_tree_add_145_59_groupi_retime_s27_80_reg/D    clk        
-2181ps retime_s27_35_reg/D                               clk        
-2181ps csa_tree_add_145_59_groupi_retime_s24_5_reg/D     clk        
-2181ps csa_tree_add_145_59_groupi_retime_s21_27_reg/D    clk        
-2180ps csa_tree_add_94_52_pad_groupi_retime_s29_11_reg/D clk        
-2178ps csa_tree_add_145_59_groupi_retime_s27_78_reg/D    clk        
-2175ps csa_tree_add_142_59_groupi_retime_s28_72_reg/D    clk        
-2171ps csa_tree_add_143_59_groupi_retime_s16_11_reg/D    clk        
-2170ps csa_tree_add_143_59_groupi_retime_s16_13_reg/D    clk        

