============================================================
  Generated by:           Genus(TM) Synthesis Solution 21.14-s082_1
  Generated on:           May 21 2026  10:00:14 pm
  Module:                 testdesign
  Technology libraries:   slow_1v0 
                          pll 0.0
                          CDK_S128x16 0.0
                          CDK_S256x16 0.0
                          CDK_R512x16 0.0
  Operating conditions:   slow (balanced_tree)
  Wireload mode:          enclosed
  Area mode:              timing library
============================================================

 Slack                     Endpoint                    Cost Group 
-----------------------------------------------------------------------
-2688ps csa_tree_add_145_59_groupi/retime_s27_80_reg/d clk        
-2688ps csa_tree_add_145_59_groupi/retime_s27_48_reg/d clk        
-2664ps csa_tree_add_145_59_groupi/retime_s24_6_reg/d  clk        
-2640ps csa_tree_add_145_59_groupi/retime_s24_5_reg/d  clk        
-2630ps csa_tree_add_145_59_groupi/retime_s27_78_reg/d clk        
-2618ps csa_tree_add_145_59_groupi/retime_s24_3_reg/d  clk        
-2595ps csa_tree_add_145_59_groupi/retime_s24_4_reg/d  clk        
-2594ps retime_s27_35_reg/d                            clk        
-2586ps csa_tree_add_145_59_groupi/retime_s27_83_reg/d clk        
-2583ps csa_tree_add_145_59_groupi/retime_s24_7_reg/d  clk        

