============================================================
  Generated by:           Genus(TM) Synthesis Solution 21.14-s082_1
  Generated on:           May 21 2026  10:14:07 pm
  Module:                 testdesign
  Technology libraries:   slow_1v0 
                          pll 0.0
                          CDK_S128x16 0.0
                          CDK_S256x16 0.0
                          CDK_R512x16 0.0
  Operating conditions:   slow (balanced_tree)
  Wireload mode:          enclosed
  Area mode:              timing library
============================================================

 Slack                     Endpoint                    Cost Group 
-----------------------------------------------------------------------
 -883ps csa_tree_add_145_59_groupi_retime_s27_80_reg/D clk        
 -882ps csa_tree_add_144_59_groupi_retime_s27_6_reg/D  clk        
 -882ps csa_tree_add_141_59_groupi_retime_s28_14_reg/D clk        
 -882ps csa_tree_add_145_59_groupi_retime_s27_78_reg/D clk        
 -882ps csa_tree_add_140_59_groupi_retime_s28_39_reg/D clk        
 -882ps csa_tree_add_140_59_groupi_retime_s26_12_reg/D clk        
 -882ps csa_tree_add_145_59_groupi_retime_s21_27_reg/D clk        
 -881ps retime_s27_35_reg/D                            clk        
 -881ps csa_tree_add_144_59_groupi_retime_s27_4_reg/D  clk        
 -880ps csa_tree_add_140_59_groupi_retime_s26_17_reg/D clk        

